AREA .  .ABS.
	RADIX HEX
	BASE 0000
	SIZE 0000
	ATTRIB ABS OVR
	GLOBALS
		l__HEAP	0000
		l__BSEG	0000
		l_.  .ABS.	0000
		l__GSFINAL	0000
		l__ISEG	0000
		s_.  .ABS.	0000
		s__HEADER	0000
		l__XSEG	0000
		.init	0000
		l__OVERLAY	0000
		l__LIT	0000
		l__GSINITTAIL	0001
		l__BSS	0059
		l__BASE	01B9
		l__HOME	01D3
		l__HEADER	01E1
		s__CODE	0200
		l__DATA	0225
		l__GSINIT	0229
		l__CODE	0912
		s__HOME	0B12
		s__BASE	0CE5
		s__LIT	0E9E
		s__GSINIT	0E9E
		s__GSINITTAIL	10C7
		s__GSFINAL	10C8
		.OAM	C000
		s__DATA	C0A0
		s__BSS	C2C5
		s__HEAP	C31E
		s__BSEG	C31E
		s__ISEG	C31E
		s__XSEG	C31E
		s__OVERLAY	C31E
		.STACK	E000
		.refresh_OAM	FF80
AREA _CODE
	RADIX HEX
	BASE 0200
	SIZE 0912
	ATTRIB REL CON
	GLOBALS
		_initializeBackground	0200
		_initializeDisplay	021F
		_initializeSprites	024F
		_updateBackground	02A9
		_insertEnemyIntoEnemyArray	02B3
		_initializeEnemies	03AB
		_moveEnemySprites	0451
		_initializePlayer	059D
		_initializeShots	05E0
		_moveShotsToPlayer	0624
		_movePlayer	0692
		_moveShots	06D5
		_testShotAndEnemyCollision	088B
		_updatePlayerAndShots	09BB
		_main	0AE2
AREA _HEADER
	RADIX HEX
	BASE 0000
	SIZE 01E1
	ATTRIB ABS OVR
	GLOBALS
		_exit	01D2
AREA _HOME
	RADIX HEX
	BASE 0B12
	SIZE 01D3
	ATTRIB REL CON
	GLOBALS
		.set_mode	0B12
		.remove_VBL	0B22
		.remove_LCD	0B28
		.remove_TIM	0B2E
		.remove_SIO	0B34
		.remove_JOY	0B3A
		.add_VBL	0B40
		.add_LCD	0B46
		.add_TIM	0B4C
		.add_SIO	0B52
		.add_JOY	0B58
		.remove_int	0B5E
		.add_int	0B7E
		.wait_vbl_done	0B9A
		_wait_vbl_done	0B9A
		_display_off	0BB1
		.display_off	0BB1
		.serial_IO	0BD2
		_mode	0C01
		_get_mode	0C0A
		_enable_interrupts	0C0F
		_disable_interrupts	0C11
		_reset	0C13
		.reset	0C13
		_set_interrupts	0C19
		_remove_VBL	0C24
		_remove_LCD	0C2F
		_remove_TIM	0C3A
		_remove_SIO	0C45
		_remove_JOY	0C50
		_add_VBL	0C5B
		_add_LCD	0C66
		_add_TIM	0C71
		_add_SIO	0C7C
		_add_JOY	0C87
		_clock	0C92
		__printTStates	0C9B
		banked_call	0C9C
		banked_ret	0CB5
		__initrleblock	0CBE
AREA _BASE
	RADIX HEX
	BASE 0CE5
	SIZE 01B9
	ATTRIB REL CON
	GLOBALS
		_scroll_bkg	0CE5
		.mv_sprite	0CFB
		_move_sprite	0D0A
		_set_win_data	0D17
		_set_bkg_data	0D17
		_set_sprite_data	0D64
		.padup	0D93
		_waitpadup	0D93
		.jpad	0DA3
		.wait_pad	0DD0
		_joypad	0DD7
		_waitpad	0DDC
		.set_sprite_tile	0DE6
		_set_sprite_tile	0DF3
		.copy_vram	0DFE
		_get_data	0E0D
		_set_data	0E0D
		_set_bkg_tiles	0E20
		.set_xy_wtt	0E34
		.set_xy_btt	0E45
		.set_xy_tt	0E54
		_set_tiles	0E85
AREA _LIT
	RADIX HEX
	BASE 0E9E
	SIZE 0000
	ATTRIB REL CON
AREA _GSINIT
	RADIX HEX
	BASE 0E9E
	SIZE 0229
	ATTRIB REL CON
	GLOBALS
		gsinit	0E9E
AREA _GSINITTAIL
	RADIX HEX
	BASE 10C7
	SIZE 0001
	ATTRIB REL CON
AREA _GSFINAL
	RADIX HEX
	BASE 10C8
	SIZE 0000
	ATTRIB REL CON
AREA _DATA
	RADIX HEX
	BASE C0A0
	SIZE 0225
	ATTRIB REL CON
	GLOBALS
		_tiles	C0A0
		_background_map_tiles	C0C0
		_ship	C228
		_man	C248
		_i	C278
		_firstEnemy	C27A
		_secondEnemy	C285
		_enemies	C290
		_playerXCoordinate	C2A6
		_xCoordinateLowerBoundary	C2A8
		_xCoordinateUpperBoundary	C2A9
		_playerYCoordinate	C2AA
		_yCoordinateLowerBoundary	C2AC
		_yCoordinateUpperBoundary	C2AD
		_offset	C2AE
		_straightShotXCoordinate	C2B0
		_straightShotYCoordinate	C2B2
		_offScreen	C2B4
		_shots	C2B6
AREA _BSS
	RADIX HEX
	BASE C2C5
	SIZE 0059
	ATTRIB REL CON
	GLOBALS
		__cpu	C2C5
		.mode	C2C6
		__io_out	C2C7
		__io_in	C2C8
		__io_status	C2C9
		.vbl_done	C2CA
		__current_bank	C2CB
		_sys_time	C2CC
		.sys_time	C2CC
		.int_0x40	C2CE
		.int_0x48	C2DE
		.int_0x50	C2EE
		.int_0x58	C2FE
		.int_0x60	C30E
AREA _HEAP
	RADIX HEX
	BASE C31E
	SIZE 0000
	ATTRIB REL CON
	GLOBALS
		_malloc_heap_start	C31E
AREA _OVERLAY
	RADIX HEX
	BASE C31E
	SIZE 0000
	ATTRIB REL CON
AREA _ISEG
	RADIX HEX
	BASE C31E
	SIZE 0000
	ATTRIB REL CON
AREA _BSEG
	RADIX HEX
	BASE C31E
	SIZE 0000
	ATTRIB REL CON
AREA _XSEG
	RADIX HEX
	BASE C31E
	SIZE 0000
	ATTRIB REL CON
MODULES
	FILE /opt/gbdk/lib/small/asxxxx/gb/crt0.o
		NAME Runtime
	FILE /tmp/lcc324622.o
		NAME lcc324620
LIBRARIES
	LIBRARY /opt/gbdk/lib/small/asxxxx/gbz80/gbz80.lib
		MODULE crt0_rle.o
	LIBRARY /opt/gbdk/lib/small/asxxxx/gb/gb.lib
		MODULE scroll_b.o
	LIBRARY /opt/gbdk/lib/small/asxxxx/gb/gb.lib
		MODULE mv_spr.o
	LIBRARY /opt/gbdk/lib/small/asxxxx/gb/gb.lib
		MODULE set_data.o
	LIBRARY /opt/gbdk/lib/small/asxxxx/gb/gb.lib
		MODULE pad.o
	LIBRARY /opt/gbdk/lib/small/asxxxx/gb/gb.lib
		MODULE set_spr.o
	LIBRARY /opt/gbdk/lib/small/asxxxx/gb/gb.lib
		MODULE cpy_data.o
	LIBRARY /opt/gbdk/lib/small/asxxxx/gb/gb.lib
		MODULE set_bk_t.o
	LIBRARY /opt/gbdk/lib/small/asxxxx/gb/gb.lib
		MODULE set_xy_t.o
USERBASEDEF
	_CODE=0x0200
	_DATA=0xC0A0
	_CODE_1=0x4000
USERGLOBALDEF
	.OAM=0xC000
	.STACK=0xE000
	.refresh_OAM=0xFF80
	.init=0x0000
