AREA .  .ABS.
	RADIX HEX
	BASE 0000
	SIZE 0000
	ATTRIB ABS OVR
	GLOBALS
		l__HEAP	0000
		l__BSEG	0000
		l_.  .ABS.	0000
		l__GSFINAL	0000
		l__ISEG	0000
		s_.  .ABS.	0000
		s__HEADER	0000
		l__XSEG	0000
		.init	0000
		l__OVERLAY	0000
		l__LIT	0000
		l__GSINITTAIL	0001
		l__BSS	0059
		l__BASE	01B9
		l__HOME	01D3
		l__HEADER	01E1
		s__CODE	0200
		l__DATA	0235
		l__GSINIT	0235
		l__CODE	0AD4
		s__HOME	0CD4
		s__BASE	0EA7
		s__LIT	1060
		s__GSINIT	1060
		s__GSINITTAIL	1295
		s__GSFINAL	1296
		.OAM	C000
		s__DATA	C0A0
		s__BSS	C2D5
		s__HEAP	C32E
		s__BSEG	C32E
		s__ISEG	C32E
		s__XSEG	C32E
		s__OVERLAY	C32E
		.STACK	E000
		.refresh_OAM	FF80
AREA _CODE
	RADIX HEX
	BASE 0200
	SIZE 0AD4
	ATTRIB REL CON
	GLOBALS
		_initializeBackground	0200
		_initializeDisplay	021F
		_initializeSprites	024F
		_updateBackground	02A9
		_insertEnemyIntoEnemyArray	02B3
		_initializeEnemies	03AB
		_moveEnemySprites	0451
		_initializePlayer	059D
		_initializeShots	05E0
		_moveShotsToPlayer	067E
		_movePlayer	0719
		_moveShots	075C
		_testShotAndEnemyCollision	0A13
		_updatePlayerAndShots	0B43
		_main	0CA4
AREA _HEADER
	RADIX HEX
	BASE 0000
	SIZE 01E1
	ATTRIB ABS OVR
	GLOBALS
		_exit	01D2
AREA _HOME
	RADIX HEX
	BASE 0CD4
	SIZE 01D3
	ATTRIB REL CON
	GLOBALS
		.set_mode	0CD4
		.remove_VBL	0CE4
		.remove_LCD	0CEA
		.remove_TIM	0CF0
		.remove_SIO	0CF6
		.remove_JOY	0CFC
		.add_VBL	0D02
		.add_LCD	0D08
		.add_TIM	0D0E
		.add_SIO	0D14
		.add_JOY	0D1A
		.remove_int	0D20
		.add_int	0D40
		.wait_vbl_done	0D5C
		_wait_vbl_done	0D5C
		_display_off	0D73
		.display_off	0D73
		.serial_IO	0D94
		_mode	0DC3
		_get_mode	0DCC
		_enable_interrupts	0DD1
		_disable_interrupts	0DD3
		_reset	0DD5
		.reset	0DD5
		_set_interrupts	0DDB
		_remove_VBL	0DE6
		_remove_LCD	0DF1
		_remove_TIM	0DFC
		_remove_SIO	0E07
		_remove_JOY	0E12
		_add_VBL	0E1D
		_add_LCD	0E28
		_add_TIM	0E33
		_add_SIO	0E3E
		_add_JOY	0E49
		_clock	0E54
		__printTStates	0E5D
		banked_call	0E5E
		banked_ret	0E77
		__initrleblock	0E80
AREA _BASE
	RADIX HEX
	BASE 0EA7
	SIZE 01B9
	ATTRIB REL CON
	GLOBALS
		_scroll_bkg	0EA7
		.mv_sprite	0EBD
		_move_sprite	0ECC
		_set_win_data	0ED9
		_set_bkg_data	0ED9
		_set_sprite_data	0F26
		.padup	0F55
		_waitpadup	0F55
		.jpad	0F65
		.wait_pad	0F92
		_joypad	0F99
		_waitpad	0F9E
		.set_sprite_tile	0FA8
		_set_sprite_tile	0FB5
		.copy_vram	0FC0
		_get_data	0FCF
		_set_data	0FCF
		_set_bkg_tiles	0FE2
		.set_xy_wtt	0FF6
		.set_xy_btt	1007
		.set_xy_tt	1016
		_set_tiles	1047
AREA _LIT
	RADIX HEX
	BASE 1060
	SIZE 0000
	ATTRIB REL CON
AREA _GSINIT
	RADIX HEX
	BASE 1060
	SIZE 0235
	ATTRIB REL CON
	GLOBALS
		gsinit	1060
AREA _GSINITTAIL
	RADIX HEX
	BASE 1295
	SIZE 0001
	ATTRIB REL CON
AREA _GSFINAL
	RADIX HEX
	BASE 1296
	SIZE 0000
	ATTRIB REL CON
AREA _DATA
	RADIX HEX
	BASE C0A0
	SIZE 0235
	ATTRIB REL CON
	GLOBALS
		_tiles	C0A0
		_background_map_tiles	C0C0
		_ship	C228
		_man	C248
		_i	C278
		_firstEnemy	C27A
		_secondEnemy	C285
		_enemies	C290
		_playerXCoordinate	C2A6
		_xCoordinateLowerBoundary	C2A8
		_xCoordinateUpperBoundary	C2AA
		_playerYCoordinate	C2AC
		_yCoordinateLowerBoundary	C2AE
		_yCoordinateUpperBoundary	C2B0
		_offset	C2B2
		_straightShotXCoordinate	C2B4
		_straightShotYCoordinate	C2B6
		_offScreen	C2B8
		_shots	C2BA
		_shotPointers	C2CF
AREA _BSS
	RADIX HEX
	BASE C2D5
	SIZE 0059
	ATTRIB REL CON
	GLOBALS
		__cpu	C2D5
		.mode	C2D6
		__io_out	C2D7
		__io_in	C2D8
		__io_status	C2D9
		.vbl_done	C2DA
		__current_bank	C2DB
		_sys_time	C2DC
		.sys_time	C2DC
		.int_0x40	C2DE
		.int_0x48	C2EE
		.int_0x50	C2FE
		.int_0x58	C30E
		.int_0x60	C31E
AREA _HEAP
	RADIX HEX
	BASE C32E
	SIZE 0000
	ATTRIB REL CON
	GLOBALS
		_malloc_heap_start	C32E
AREA _OVERLAY
	RADIX HEX
	BASE C32E
	SIZE 0000
	ATTRIB REL CON
AREA _ISEG
	RADIX HEX
	BASE C32E
	SIZE 0000
	ATTRIB REL CON
AREA _BSEG
	RADIX HEX
	BASE C32E
	SIZE 0000
	ATTRIB REL CON
AREA _XSEG
	RADIX HEX
	BASE C32E
	SIZE 0000
	ATTRIB REL CON
MODULES
	FILE /opt/gbdk/lib/small/asxxxx/gb/crt0.o
		NAME Runtime
	FILE /tmp/lcc41832.o
		NAME lcc41830
LIBRARIES
	LIBRARY /opt/gbdk/lib/small/asxxxx/gbz80/gbz80.lib
		MODULE crt0_rle.o
	LIBRARY /opt/gbdk/lib/small/asxxxx/gb/gb.lib
		MODULE scroll_b.o
	LIBRARY /opt/gbdk/lib/small/asxxxx/gb/gb.lib
		MODULE mv_spr.o
	LIBRARY /opt/gbdk/lib/small/asxxxx/gb/gb.lib
		MODULE set_data.o
	LIBRARY /opt/gbdk/lib/small/asxxxx/gb/gb.lib
		MODULE pad.o
	LIBRARY /opt/gbdk/lib/small/asxxxx/gb/gb.lib
		MODULE set_spr.o
	LIBRARY /opt/gbdk/lib/small/asxxxx/gb/gb.lib
		MODULE cpy_data.o
	LIBRARY /opt/gbdk/lib/small/asxxxx/gb/gb.lib
		MODULE set_bk_t.o
	LIBRARY /opt/gbdk/lib/small/asxxxx/gb/gb.lib
		MODULE set_xy_t.o
USERBASEDEF
	_CODE=0x0200
	_DATA=0xC0A0
	_CODE_1=0x4000
USERGLOBALDEF
	.OAM=0xC000
	.STACK=0xE000
	.refresh_OAM=0xFF80
	.init=0x0000
