AREA .  .ABS.
	RADIX HEX
	BASE 0000
	SIZE 0000
	ATTRIB ABS OVR
	GLOBALS
		l__HEAP	0000
		l__BSEG	0000
		l_.  .ABS.	0000
		l__GSFINAL	0000
		l__ISEG	0000
		s_.  .ABS.	0000
		s__HEADER	0000
		l__XSEG	0000
		.init	0000
		l__OVERLAY	0000
		l__LIT	0000
		l__GSINITTAIL	0001
		l__BSS	0059
		l__BASE	01B9
		l__HOME	01D3
		l__HEADER	01E1
		s__CODE	0200
		l__DATA	021C
		l__GSINIT	0239
		l__CODE	070A
		s__HOME	090A
		s__BASE	0ADD
		s__LIT	0C96
		s__GSINIT	0C96
		s__GSINITTAIL	0ECF
		s__GSFINAL	0ED0
		.OAM	C000
		s__DATA	C0A0
		s__BSS	C2BC
		s__HEAP	C315
		s__BSEG	C315
		s__ISEG	C315
		s__XSEG	C315
		s__OVERLAY	C315
		.STACK	E000
		.refresh_OAM	FF80
AREA _CODE
	RADIX HEX
	BASE 0200
	SIZE 070A
	ATTRIB REL CON
	GLOBALS
		_initializeBackground	0200
		_initializeDisplay	021F
		_initializeSprites	024F
		_updateBackground	0297
		_insertEnemyIntoEnemyArray	02A1
		_initializeEnemies	0399
		_moveEnemySprites	043F
		_initializePlayer	058B
		_testShotAndEnemyCollision	05CE
		_movePlayer	0717
		_updatePlayerAndShot	075A
		_main	08DD
AREA _HEADER
	RADIX HEX
	BASE 0000
	SIZE 01E1
	ATTRIB ABS OVR
	GLOBALS
		_exit	01D2
AREA _HOME
	RADIX HEX
	BASE 090A
	SIZE 01D3
	ATTRIB REL CON
	GLOBALS
		.set_mode	090A
		.remove_VBL	091A
		.remove_LCD	0920
		.remove_TIM	0926
		.remove_SIO	092C
		.remove_JOY	0932
		.add_VBL	0938
		.add_LCD	093E
		.add_TIM	0944
		.add_SIO	094A
		.add_JOY	0950
		.remove_int	0956
		.add_int	0976
		.wait_vbl_done	0992
		_wait_vbl_done	0992
		_display_off	09A9
		.display_off	09A9
		.serial_IO	09CA
		_mode	09F9
		_get_mode	0A02
		_enable_interrupts	0A07
		_disable_interrupts	0A09
		_reset	0A0B
		.reset	0A0B
		_set_interrupts	0A11
		_remove_VBL	0A1C
		_remove_LCD	0A27
		_remove_TIM	0A32
		_remove_SIO	0A3D
		_remove_JOY	0A48
		_add_VBL	0A53
		_add_LCD	0A5E
		_add_TIM	0A69
		_add_SIO	0A74
		_add_JOY	0A7F
		_clock	0A8A
		__printTStates	0A93
		banked_call	0A94
		banked_ret	0AAD
		__initrleblock	0AB6
AREA _BASE
	RADIX HEX
	BASE 0ADD
	SIZE 01B9
	ATTRIB REL CON
	GLOBALS
		_scroll_bkg	0ADD
		.mv_sprite	0AF3
		_move_sprite	0B02
		_set_win_data	0B0F
		_set_bkg_data	0B0F
		_set_sprite_data	0B5C
		.padup	0B8B
		_waitpadup	0B8B
		.jpad	0B9B
		.wait_pad	0BC8
		_joypad	0BCF
		_waitpad	0BD4
		.set_sprite_tile	0BDE
		_set_sprite_tile	0BEB
		.copy_vram	0BF6
		_get_data	0C05
		_set_data	0C05
		_set_bkg_tiles	0C18
		.set_xy_wtt	0C2C
		.set_xy_btt	0C3D
		.set_xy_tt	0C4C
		_set_tiles	0C7D
AREA _LIT
	RADIX HEX
	BASE 0C96
	SIZE 0000
	ATTRIB REL CON
AREA _GSINIT
	RADIX HEX
	BASE 0C96
	SIZE 0239
	ATTRIB REL CON
	GLOBALS
		gsinit	0C96
AREA _GSINITTAIL
	RADIX HEX
	BASE 0ECF
	SIZE 0001
	ATTRIB REL CON
AREA _GSFINAL
	RADIX HEX
	BASE 0ED0
	SIZE 0000
	ATTRIB REL CON
AREA _DATA
	RADIX HEX
	BASE C0A0
	SIZE 021C
	ATTRIB REL CON
	GLOBALS
		_tiles	C0A0
		_background_map_tiles	C0C0
		_ship	C228
		_man	C248
		_i	C278
		_firstEnemy	C27A
		_secondEnemy	C285
		_enemies	C290
		_playerXCoordinate	C2A6
		_xCoordinateLowerBoundary	C2A8
		_xCoordinateUpperBoundary	C2AA
		_playerYCoordinate	C2AC
		_yCoordinateLowerBoundary	C2AE
		_yCoordinateUpperBoundary	C2B0
		_offset	C2B2
		_playerCanShoot	C2B4
		_shotXCoordinate	C2B6
		_shotYCoordinate	C2B8
		_offScreen	C2BA
AREA _BSS
	RADIX HEX
	BASE C2BC
	SIZE 0059
	ATTRIB REL CON
	GLOBALS
		__cpu	C2BC
		.mode	C2BD
		__io_out	C2BE
		__io_in	C2BF
		__io_status	C2C0
		.vbl_done	C2C1
		__current_bank	C2C2
		_sys_time	C2C3
		.sys_time	C2C3
		.int_0x40	C2C5
		.int_0x48	C2D5
		.int_0x50	C2E5
		.int_0x58	C2F5
		.int_0x60	C305
AREA _HEAP
	RADIX HEX
	BASE C315
	SIZE 0000
	ATTRIB REL CON
	GLOBALS
		_malloc_heap_start	C315
AREA _OVERLAY
	RADIX HEX
	BASE C315
	SIZE 0000
	ATTRIB REL CON
AREA _ISEG
	RADIX HEX
	BASE C315
	SIZE 0000
	ATTRIB REL CON
AREA _BSEG
	RADIX HEX
	BASE C315
	SIZE 0000
	ATTRIB REL CON
AREA _XSEG
	RADIX HEX
	BASE C315
	SIZE 0000
	ATTRIB REL CON
MODULES
	FILE /opt/gbdk/lib/small/asxxxx/gb/crt0.o
		NAME Runtime
	FILE /tmp/lcc260352.o
		NAME lcc260350
LIBRARIES
	LIBRARY /opt/gbdk/lib/small/asxxxx/gbz80/gbz80.lib
		MODULE crt0_rle.o
	LIBRARY /opt/gbdk/lib/small/asxxxx/gb/gb.lib
		MODULE scroll_b.o
	LIBRARY /opt/gbdk/lib/small/asxxxx/gb/gb.lib
		MODULE mv_spr.o
	LIBRARY /opt/gbdk/lib/small/asxxxx/gb/gb.lib
		MODULE set_data.o
	LIBRARY /opt/gbdk/lib/small/asxxxx/gb/gb.lib
		MODULE pad.o
	LIBRARY /opt/gbdk/lib/small/asxxxx/gb/gb.lib
		MODULE set_spr.o
	LIBRARY /opt/gbdk/lib/small/asxxxx/gb/gb.lib
		MODULE cpy_data.o
	LIBRARY /opt/gbdk/lib/small/asxxxx/gb/gb.lib
		MODULE set_bk_t.o
	LIBRARY /opt/gbdk/lib/small/asxxxx/gb/gb.lib
		MODULE set_xy_t.o
USERBASEDEF
	_CODE=0x0200
	_DATA=0xC0A0
	_CODE_1=0x4000
USERGLOBALDEF
	.OAM=0xC000
	.STACK=0xE000
	.refresh_OAM=0xFF80
	.init=0x0000
