AREA .  .ABS.
	RADIX HEX
	BASE 0000
	SIZE 0000
	ATTRIB ABS OVR
	GLOBALS
		l__HEAP	0000
		l__BSEG	0000
		l_.  .ABS.	0000
		l__GSFINAL	0000
		l__ISEG	0000
		s_.  .ABS.	0000
		s__HEADER	0000
		l__XSEG	0000
		.init	0000
		l__OVERLAY	0000
		l__LIT	0000
		l__GSINITTAIL	0001
		l__DATA	0030
		l__GSINIT	0038
		l__BSS	0059
		l__BASE	0168
		l__CODE	01CE
		l__HOME	01D3
		l__HEADER	01E1
		s__CODE	0200
		s__HOME	03CE
		s__BASE	05A1
		s__LIT	0709
		s__GSINIT	0709
		s__GSINITTAIL	0741
		s__GSFINAL	0742
		.OAM	C000
		s__DATA	C0A0
		s__BSS	C0D0
		s__HEAP	C129
		s__BSEG	C129
		s__ISEG	C129
		s__XSEG	C129
		s__OVERLAY	C129
		.STACK	E000
		.refresh_OAM	FF80
AREA _CODE
	RADIX HEX
	BASE 0200
	SIZE 01CE
	ATTRIB REL CON
	GLOBALS
		_main	0200
AREA _HEADER
	RADIX HEX
	BASE 0000
	SIZE 01E1
	ATTRIB ABS OVR
	GLOBALS
		_exit	01D2
AREA _HOME
	RADIX HEX
	BASE 03CE
	SIZE 01D3
	ATTRIB REL CON
	GLOBALS
		.set_mode	03CE
		.remove_VBL	03DE
		.remove_LCD	03E4
		.remove_TIM	03EA
		.remove_SIO	03F0
		.remove_JOY	03F6
		.add_VBL	03FC
		.add_LCD	0402
		.add_TIM	0408
		.add_SIO	040E
		.add_JOY	0414
		.remove_int	041A
		.add_int	043A
		.wait_vbl_done	0456
		_wait_vbl_done	0456
		_display_off	046D
		.display_off	046D
		.serial_IO	048E
		_mode	04BD
		_get_mode	04C6
		_enable_interrupts	04CB
		_disable_interrupts	04CD
		_reset	04CF
		.reset	04CF
		_set_interrupts	04D5
		_remove_VBL	04E0
		_remove_LCD	04EB
		_remove_TIM	04F6
		_remove_SIO	0501
		_remove_JOY	050C
		_add_VBL	0517
		_add_LCD	0522
		_add_TIM	052D
		_add_SIO	0538
		_add_JOY	0543
		_clock	054E
		__printTStates	0557
		banked_call	0558
		banked_ret	0571
		__initrleblock	057A
AREA _BASE
	RADIX HEX
	BASE 05A1
	SIZE 0168
	ATTRIB REL CON
	GLOBALS
		.mv_sprite	05A1
		_move_sprite	05B0
		_set_win_data	05BD
		_set_bkg_data	05BD
		_set_sprite_data	060A
		.padup	0639
		_waitpadup	0639
		.jpad	0649
		.wait_pad	0676
		_joypad	067D
		_waitpad	0682
		.set_sprite_tile	068C
		_set_sprite_tile	0699
		.delay	06A4
		_delay	06DE
		.copy_vram	06E7
		_get_data	06F6
		_set_data	06F6
AREA _LIT
	RADIX HEX
	BASE 0709
	SIZE 0000
	ATTRIB REL CON
AREA _GSINIT
	RADIX HEX
	BASE 0709
	SIZE 0038
	ATTRIB REL CON
	GLOBALS
		gsinit	0709
AREA _GSINITTAIL
	RADIX HEX
	BASE 0741
	SIZE 0001
	ATTRIB REL CON
AREA _GSFINAL
	RADIX HEX
	BASE 0742
	SIZE 0000
	ATTRIB REL CON
AREA _DATA
	RADIX HEX
	BASE C0A0
	SIZE 0030
	ATTRIB REL CON
	GLOBALS
		_man	C0A0
AREA _BSS
	RADIX HEX
	BASE C0D0
	SIZE 0059
	ATTRIB REL CON
	GLOBALS
		__cpu	C0D0
		.mode	C0D1
		__io_out	C0D2
		__io_in	C0D3
		__io_status	C0D4
		.vbl_done	C0D5
		__current_bank	C0D6
		_sys_time	C0D7
		.sys_time	C0D7
		.int_0x40	C0D9
		.int_0x48	C0E9
		.int_0x50	C0F9
		.int_0x58	C109
		.int_0x60	C119
AREA _HEAP
	RADIX HEX
	BASE C129
	SIZE 0000
	ATTRIB REL CON
	GLOBALS
		_malloc_heap_start	C129
AREA _OVERLAY
	RADIX HEX
	BASE C129
	SIZE 0000
	ATTRIB REL CON
AREA _ISEG
	RADIX HEX
	BASE C129
	SIZE 0000
	ATTRIB REL CON
AREA _BSEG
	RADIX HEX
	BASE C129
	SIZE 0000
	ATTRIB REL CON
AREA _XSEG
	RADIX HEX
	BASE C129
	SIZE 0000
	ATTRIB REL CON
MODULES
	FILE /opt/gbdk/lib/small/asxxxx/gb/crt0.o
		NAME Runtime
	FILE /tmp/lcc267122.o
		NAME lcc267120
LIBRARIES
	LIBRARY /opt/gbdk/lib/small/asxxxx/gbz80/gbz80.lib
		MODULE crt0_rle.o
	LIBRARY /opt/gbdk/lib/small/asxxxx/gb/gb.lib
		MODULE mv_spr.o
	LIBRARY /opt/gbdk/lib/small/asxxxx/gb/gb.lib
		MODULE set_data.o
	LIBRARY /opt/gbdk/lib/small/asxxxx/gb/gb.lib
		MODULE pad.o
	LIBRARY /opt/gbdk/lib/small/asxxxx/gb/gb.lib
		MODULE set_spr.o
	LIBRARY /opt/gbdk/lib/small/asxxxx/gb/gb.lib
		MODULE delay.o
	LIBRARY /opt/gbdk/lib/small/asxxxx/gb/gb.lib
		MODULE cpy_data.o
USERBASEDEF
	_CODE=0x0200
	_DATA=0xC0A0
	_CODE_1=0x4000
USERGLOBALDEF
	.OAM=0xC000
	.STACK=0xE000
	.refresh_OAM=0xFF80
	.init=0x0000
