AREA .  .ABS.
	RADIX HEX
	BASE 0000
	SIZE 0000
	ATTRIB ABS OVR
	GLOBALS
		l__HEAP	0000
		l__BSEG	0000
		l_.  .ABS.	0000
		l__GSFINAL	0000
		l__ISEG	0000
		s_.  .ABS.	0000
		s__HEADER	0000
		l__XSEG	0000
		.init	0000
		l__OVERLAY	0000
		l__LIT	0000
		l__GSINITTAIL	0001
		l__DATA	0030
		l__GSINIT	0038
		l__BSS	0059
		l__BASE	0168
		l__HOME	01D3
		l__HEADER	01E1
		s__CODE	0200
		l__CODE	0223
		s__HOME	0423
		s__BASE	05F6
		s__LIT	075E
		s__GSINIT	075E
		s__GSINITTAIL	0796
		s__GSFINAL	0797
		.OAM	C000
		s__DATA	C0A0
		s__BSS	C0D0
		s__HEAP	C129
		s__BSEG	C129
		s__ISEG	C129
		s__XSEG	C129
		s__OVERLAY	C129
		.STACK	E000
		.refresh_OAM	FF80
AREA _CODE
	RADIX HEX
	BASE 0200
	SIZE 0223
	ATTRIB REL CON
	GLOBALS
		_main	0200
AREA _HEADER
	RADIX HEX
	BASE 0000
	SIZE 01E1
	ATTRIB ABS OVR
	GLOBALS
		_exit	01D2
AREA _HOME
	RADIX HEX
	BASE 0423
	SIZE 01D3
	ATTRIB REL CON
	GLOBALS
		.set_mode	0423
		.remove_VBL	0433
		.remove_LCD	0439
		.remove_TIM	043F
		.remove_SIO	0445
		.remove_JOY	044B
		.add_VBL	0451
		.add_LCD	0457
		.add_TIM	045D
		.add_SIO	0463
		.add_JOY	0469
		.remove_int	046F
		.add_int	048F
		.wait_vbl_done	04AB
		_wait_vbl_done	04AB
		_display_off	04C2
		.display_off	04C2
		.serial_IO	04E3
		_mode	0512
		_get_mode	051B
		_enable_interrupts	0520
		_disable_interrupts	0522
		_reset	0524
		.reset	0524
		_set_interrupts	052A
		_remove_VBL	0535
		_remove_LCD	0540
		_remove_TIM	054B
		_remove_SIO	0556
		_remove_JOY	0561
		_add_VBL	056C
		_add_LCD	0577
		_add_TIM	0582
		_add_SIO	058D
		_add_JOY	0598
		_clock	05A3
		__printTStates	05AC
		banked_call	05AD
		banked_ret	05C6
		__initrleblock	05CF
AREA _BASE
	RADIX HEX
	BASE 05F6
	SIZE 0168
	ATTRIB REL CON
	GLOBALS
		.mv_sprite	05F6
		_move_sprite	0605
		_set_win_data	0612
		_set_bkg_data	0612
		_set_sprite_data	065F
		.padup	068E
		_waitpadup	068E
		.jpad	069E
		.wait_pad	06CB
		_joypad	06D2
		_waitpad	06D7
		.set_sprite_tile	06E1
		_set_sprite_tile	06EE
		.delay	06F9
		_delay	0733
		.copy_vram	073C
		_get_data	074B
		_set_data	074B
AREA _LIT
	RADIX HEX
	BASE 075E
	SIZE 0000
	ATTRIB REL CON
AREA _GSINIT
	RADIX HEX
	BASE 075E
	SIZE 0038
	ATTRIB REL CON
	GLOBALS
		gsinit	075E
AREA _GSINITTAIL
	RADIX HEX
	BASE 0796
	SIZE 0001
	ATTRIB REL CON
AREA _GSFINAL
	RADIX HEX
	BASE 0797
	SIZE 0000
	ATTRIB REL CON
AREA _DATA
	RADIX HEX
	BASE C0A0
	SIZE 0030
	ATTRIB REL CON
	GLOBALS
		_man	C0A0
AREA _BSS
	RADIX HEX
	BASE C0D0
	SIZE 0059
	ATTRIB REL CON
	GLOBALS
		__cpu	C0D0
		.mode	C0D1
		__io_out	C0D2
		__io_in	C0D3
		__io_status	C0D4
		.vbl_done	C0D5
		__current_bank	C0D6
		_sys_time	C0D7
		.sys_time	C0D7
		.int_0x40	C0D9
		.int_0x48	C0E9
		.int_0x50	C0F9
		.int_0x58	C109
		.int_0x60	C119
AREA _HEAP
	RADIX HEX
	BASE C129
	SIZE 0000
	ATTRIB REL CON
	GLOBALS
		_malloc_heap_start	C129
AREA _OVERLAY
	RADIX HEX
	BASE C129
	SIZE 0000
	ATTRIB REL CON
AREA _ISEG
	RADIX HEX
	BASE C129
	SIZE 0000
	ATTRIB REL CON
AREA _BSEG
	RADIX HEX
	BASE C129
	SIZE 0000
	ATTRIB REL CON
AREA _XSEG
	RADIX HEX
	BASE C129
	SIZE 0000
	ATTRIB REL CON
MODULES
	FILE /opt/gbdk/lib/small/asxxxx/gb/crt0.o
		NAME Runtime
	FILE /tmp/lcc270062.o
		NAME lcc270060
LIBRARIES
	LIBRARY /opt/gbdk/lib/small/asxxxx/gbz80/gbz80.lib
		MODULE crt0_rle.o
	LIBRARY /opt/gbdk/lib/small/asxxxx/gb/gb.lib
		MODULE mv_spr.o
	LIBRARY /opt/gbdk/lib/small/asxxxx/gb/gb.lib
		MODULE set_data.o
	LIBRARY /opt/gbdk/lib/small/asxxxx/gb/gb.lib
		MODULE pad.o
	LIBRARY /opt/gbdk/lib/small/asxxxx/gb/gb.lib
		MODULE set_spr.o
	LIBRARY /opt/gbdk/lib/small/asxxxx/gb/gb.lib
		MODULE delay.o
	LIBRARY /opt/gbdk/lib/small/asxxxx/gb/gb.lib
		MODULE cpy_data.o
USERBASEDEF
	_CODE=0x0200
	_DATA=0xC0A0
	_CODE_1=0x4000
USERGLOBALDEF
	.OAM=0xC000
	.STACK=0xE000
	.refresh_OAM=0xFF80
	.init=0x0000
