AREA .  .ABS.
	RADIX HEX
	BASE 0000
	SIZE 0000
	ATTRIB ABS OVR
	GLOBALS
		l__HEAP	0000
		l__BSEG	0000
		l_.  .ABS.	0000
		l__GSFINAL	0000
		l__ISEG	0000
		s_.  .ABS.	0000
		s__HEADER	0000
		l__XSEG	0000
		.init	0000
		l__OVERLAY	0000
		l__LIT	0000
		l__GSINITTAIL	0001
		l__DATA	0030
		l__GSINIT	0038
		l__BSS	0059
		l__BASE	0168
		l__HOME	01D3
		l__HEADER	01E1
		s__CODE	0200
		l__CODE	028F
		s__HOME	048F
		s__BASE	0662
		s__LIT	07CA
		s__GSINIT	07CA
		s__GSINITTAIL	0802
		s__GSFINAL	0803
		.OAM	C000
		s__DATA	C0A0
		s__BSS	C0D0
		s__HEAP	C129
		s__BSEG	C129
		s__ISEG	C129
		s__XSEG	C129
		s__OVERLAY	C129
		.STACK	E000
		.refresh_OAM	FF80
AREA _CODE
	RADIX HEX
	BASE 0200
	SIZE 028F
	ATTRIB REL CON
	GLOBALS
		_main	0200
AREA _HEADER
	RADIX HEX
	BASE 0000
	SIZE 01E1
	ATTRIB ABS OVR
	GLOBALS
		_exit	01D2
AREA _HOME
	RADIX HEX
	BASE 048F
	SIZE 01D3
	ATTRIB REL CON
	GLOBALS
		.set_mode	048F
		.remove_VBL	049F
		.remove_LCD	04A5
		.remove_TIM	04AB
		.remove_SIO	04B1
		.remove_JOY	04B7
		.add_VBL	04BD
		.add_LCD	04C3
		.add_TIM	04C9
		.add_SIO	04CF
		.add_JOY	04D5
		.remove_int	04DB
		.add_int	04FB
		.wait_vbl_done	0517
		_wait_vbl_done	0517
		_display_off	052E
		.display_off	052E
		.serial_IO	054F
		_mode	057E
		_get_mode	0587
		_enable_interrupts	058C
		_disable_interrupts	058E
		_reset	0590
		.reset	0590
		_set_interrupts	0596
		_remove_VBL	05A1
		_remove_LCD	05AC
		_remove_TIM	05B7
		_remove_SIO	05C2
		_remove_JOY	05CD
		_add_VBL	05D8
		_add_LCD	05E3
		_add_TIM	05EE
		_add_SIO	05F9
		_add_JOY	0604
		_clock	060F
		__printTStates	0618
		banked_call	0619
		banked_ret	0632
		__initrleblock	063B
AREA _BASE
	RADIX HEX
	BASE 0662
	SIZE 0168
	ATTRIB REL CON
	GLOBALS
		.mv_sprite	0662
		_move_sprite	0671
		_set_win_data	067E
		_set_bkg_data	067E
		_set_sprite_data	06CB
		.padup	06FA
		_waitpadup	06FA
		.jpad	070A
		.wait_pad	0737
		_joypad	073E
		_waitpad	0743
		.set_sprite_tile	074D
		_set_sprite_tile	075A
		.delay	0765
		_delay	079F
		.copy_vram	07A8
		_get_data	07B7
		_set_data	07B7
AREA _LIT
	RADIX HEX
	BASE 07CA
	SIZE 0000
	ATTRIB REL CON
AREA _GSINIT
	RADIX HEX
	BASE 07CA
	SIZE 0038
	ATTRIB REL CON
	GLOBALS
		gsinit	07CA
AREA _GSINITTAIL
	RADIX HEX
	BASE 0802
	SIZE 0001
	ATTRIB REL CON
AREA _GSFINAL
	RADIX HEX
	BASE 0803
	SIZE 0000
	ATTRIB REL CON
AREA _DATA
	RADIX HEX
	BASE C0A0
	SIZE 0030
	ATTRIB REL CON
	GLOBALS
		_man	C0A0
AREA _BSS
	RADIX HEX
	BASE C0D0
	SIZE 0059
	ATTRIB REL CON
	GLOBALS
		__cpu	C0D0
		.mode	C0D1
		__io_out	C0D2
		__io_in	C0D3
		__io_status	C0D4
		.vbl_done	C0D5
		__current_bank	C0D6
		_sys_time	C0D7
		.sys_time	C0D7
		.int_0x40	C0D9
		.int_0x48	C0E9
		.int_0x50	C0F9
		.int_0x58	C109
		.int_0x60	C119
AREA _HEAP
	RADIX HEX
	BASE C129
	SIZE 0000
	ATTRIB REL CON
	GLOBALS
		_malloc_heap_start	C129
AREA _OVERLAY
	RADIX HEX
	BASE C129
	SIZE 0000
	ATTRIB REL CON
AREA _ISEG
	RADIX HEX
	BASE C129
	SIZE 0000
	ATTRIB REL CON
AREA _BSEG
	RADIX HEX
	BASE C129
	SIZE 0000
	ATTRIB REL CON
AREA _XSEG
	RADIX HEX
	BASE C129
	SIZE 0000
	ATTRIB REL CON
MODULES
	FILE /opt/gbdk/lib/small/asxxxx/gb/crt0.o
		NAME Runtime
	FILE /tmp/lcc40522.o
		NAME lcc40520
LIBRARIES
	LIBRARY /opt/gbdk/lib/small/asxxxx/gbz80/gbz80.lib
		MODULE crt0_rle.o
	LIBRARY /opt/gbdk/lib/small/asxxxx/gb/gb.lib
		MODULE mv_spr.o
	LIBRARY /opt/gbdk/lib/small/asxxxx/gb/gb.lib
		MODULE set_data.o
	LIBRARY /opt/gbdk/lib/small/asxxxx/gb/gb.lib
		MODULE pad.o
	LIBRARY /opt/gbdk/lib/small/asxxxx/gb/gb.lib
		MODULE set_spr.o
	LIBRARY /opt/gbdk/lib/small/asxxxx/gb/gb.lib
		MODULE delay.o
	LIBRARY /opt/gbdk/lib/small/asxxxx/gb/gb.lib
		MODULE cpy_data.o
USERBASEDEF
	_CODE=0x0200
	_DATA=0xC0A0
	_CODE_1=0x4000
USERGLOBALDEF
	.OAM=0xC000
	.STACK=0xE000
	.refresh_OAM=0xFF80
	.init=0x0000
